  DorkV4.c
D:\Documents\Programming\ACREngineV3.0\ACREngine\ACREngine.h(489,17): warning C4244: '=': conversion from 'int' to 'float', possible loss of data
D:\Documents\Programming\ACREngineV3.0\ACREngine\ACREngine.h(491,17): warning C4244: '=': conversion from 'int' to 'float', possible loss of data
D:\Documents\Programming\ACREngineV3.0\ACREngine\ACREngine.h(506,9): warning C4244: '=': conversion from 'float' to 'short', possible loss of data
D:\Documents\Programming\ACREngineV3.0\ACREngine\ACREngine.h(550,9): warning C4244: 'function': conversion from 'int' to 'float', possible loss of data
D:\Documents\Programming\ACREngineV3.0\ACREngine\ACREngine.h(551,9): warning C4244: 'function': conversion from 'int' to 'float', possible loss of data
D:\Documents\Programming\ACREngineV3.0\ACREngine\ACREngine.h(552,9): warning C4244: 'function': conversion from 'int' to 'float', possible loss of data
D:\Documents\Programming\ACREngineV3.0\ACREngine\ACREngine.h(734,25): warning C4244: 'initializing': conversion from 'float' to 'int', possible loss of data
D:\Documents\Programming\ACREngineV3.0\ACREngine\ACREngine.h(1109,16): warning C4018: '>=': signed/unsigned mismatch
D:\Documents\Programming\ACREngineV3.0\ACREngine\ACREngine.h(1122,16): warning C4018: '>=': signed/unsigned mismatch
D:\Documents\Programming\ACREngineV3.0\ACREngine\ACREngine.h(1158,31): warning C4018: '<=': signed/unsigned mismatch
D:\Documents\Programming\ACREngineV3.0\ACREngine\ACREngine.h(1163,14): warning C4018: '<': signed/unsigned mismatch
D:\Documents\Programming\ACREngineV3.0\ACREngine\ACREngine.h(1165,16): warning C4018: '>=': signed/unsigned mismatch
D:\Documents\Programming\ACREngineV3.0\ACREngine\ACREngine.h(1172,12): warning C4018: '<': signed/unsigned mismatch
D:\Documents\Programming\ACREngineV3.0\ACREngine\ACREngine.h(1178,16): warning C4018: '>=': signed/unsigned mismatch
D:\Documents\Programming\ACREngineV3.0\ACREngine\ACREngine.h(1197,11): warning C4018: '>': signed/unsigned mismatch
D:\Documents\Programming\ACREngineV3.0\ACREngine\ACREngine.h(1249,72): warning C4098: 'sysDrawNumber': 'void' function returning a value
D:\Documents\Programming\ACREngineV3.0\ACREngine\ACREngine.h(1465,18): warning C4267: 'initializing': conversion from 'size_t' to 'int', possible loss of data
D:\Documents\Programming\ACREngineV3.0\ACREngine\ACREngine.h(1736,18): warning C4311: 'type cast': pointer truncation from 'const char *' to 'int'
D:\Documents\Programming\ACREngineV3.0\ACREngine\ACRE_Transform.h(36,15): warning C4244: 'initializing': conversion from 'float' to 'int', possible loss of data
D:\Documents\Programming\ACREngineV3.0\ACREngine\ACRE_Transform.h(37,15): warning C4244: 'initializing': conversion from 'float' to 'int', possible loss of data
D:\Documents\Programming\ACREngineV3.0\ACREngine\ACRE_Transform.h(38,18): warning C4244: 'initializing': conversion from 'float' to 'int', possible loss of data
D:\Documents\Programming\ACREngineV3.0\ACREngine\ACRE_Transform.h(39,18): warning C4244: 'initializing': conversion from 'float' to 'int', possible loss of data
D:\Documents\Programming\ACREngineV3.0\ACREngine\ACRE_Transform.h(54,20): warning C4244: '=': conversion from 'int' to 'float', possible loss of data
D:\Documents\Programming\ACREngineV3.0\ACREngine\ACRE_Transform.h(54,41): warning C4244: '=': conversion from 'int' to 'float', possible loss of data
D:\Documents\Programming\ACREngineV3.0\ACREngine\ACRE_Transform.h(60,20): warning C4244: '=': conversion from 'int' to 'float', possible loss of data
D:\Documents\Programming\ACREngineV3.0\ACREngine\ACRE_Transform.h(60,41): warning C4244: '=': conversion from 'int' to 'float', possible loss of data
D:\Documents\Programming\ACREngineV3.0\ACREngine\ACRE_Transform.h(67,35): warning C4244: '*=': conversion from 'double' to 'float', possible loss of data
D:\Documents\Programming\ACREngineV3.0\ACREngine\ACREngineV3.0\menu.h(50,81): warning C4244: 'function': conversion from 'float' to 'int', possible loss of data
D:\Documents\Programming\ACREngineV3.0\ACREngine\ACREngineV3.0\menu.h(50,99): warning C4244: 'function': conversion from 'float' to 'int', possible loss of data
D:\Documents\Programming\ACREngineV3.0\ACREngine\ACREngineV3.0\menu.h(50,117): warning C4244: 'function': conversion from 'float' to 'int', possible loss of data
D:\Documents\Programming\ACREngineV3.0\ACREngine\ACREngineV3.0\menu.h(41,51): warning C4244: 'initializing': conversion from 'float' to 'int', possible loss of data
D:\Documents\Programming\ACREngineV3.0\ACREngine\ACREngineV3.0\menu.h(42,7): warning C4101: 'ar': unreferenced local variable
D:\Documents\Programming\ACREngineV3.0\ACREngine\ACREngineV3.0\menu.h(95,12): warning C4244: 'function': conversion from 'float' to 'int', possible loss of data
D:\Documents\Programming\ACREngineV3.0\ACREngine\ACREngineV3.0\menu.h(95,17): warning C4244: 'function': conversion from 'float' to 'int', possible loss of data
D:\Documents\Programming\ACREngineV3.0\ACREngine\ACREngineV3.0\menu.h(99,23): warning C4244: '=': conversion from 'int' to 'float', possible loss of data
D:\Documents\Programming\ACREngineV3.0\ACREngine\ACREngineV3.0\menu.h(148,31): warning C4244: '=': conversion from 'int' to 'float', possible loss of data
D:\Documents\Programming\ACREngineV3.0\ACREngine\ACREngineV3.0\game.h(104,9): warning C4244: '=': conversion from 'int' to 'float', possible loss of data
D:\Documents\Programming\ACREngineV3.0\ACREngine\ACREngineV3.0\game.h(104,19): warning C4244: '=': conversion from 'int' to 'float', possible loss of data
D:\Documents\Programming\ACREngineV3.0\ACREngine\ACREngineV3.0\game.h(177,9): warning C4244: 'return': conversion from 'float' to 'int', possible loss of data
D:\Documents\Programming\ACREngineV3.0\ACREngine\ACREngineV3.0\game.h(184,9): warning C4244: 'return': conversion from 'float' to 'int', possible loss of data
D:\Documents\Programming\ACREngineV3.0\ACREngine\ACREngineV3.0\game.h(215,80): warning C4133: 'function': incompatible types - from 'int *' to 'short *'
D:\Documents\Programming\ACREngineV3.0\ACREngine\ACREngineV3.0\game.h(215,84): warning C4133: 'function': incompatible types - from 'int *' to 'short *'
D:\Documents\Programming\ACREngineV3.0\ACREngine\ACREngineV3.0\game.h(215,88): warning C4133: 'function': incompatible types - from 'int *' to 'short *'
D:\Documents\Programming\ACREngineV3.0\ACREngine\ACREngineV3.0\game.h(216,90): warning C4244: 'function': conversion from 'int' to 'float', possible loss of data
D:\Documents\Programming\ACREngineV3.0\ACREngine\ACREngineV3.0\game.h(216,82): warning C4244: 'function': conversion from 'float' to 'int', possible loss of data
D:\Documents\Programming\ACREngineV3.0\ACREngine\ACREngineV3.0\game.h(216,113): warning C4244: 'function': conversion from 'int' to 'float', possible loss of data
D:\Documents\Programming\ACREngineV3.0\ACREngine\ACREngineV3.0\game.h(216,105): warning C4244: 'function': conversion from 'float' to 'int', possible loss of data
D:\Documents\Programming\ACREngineV3.0\ACREngine\ACREngineV3.0\game.h(216,136): warning C4244: 'function': conversion from 'int' to 'float', possible loss of data
D:\Documents\Programming\ACREngineV3.0\ACREngine\ACREngineV3.0\game.h(216,128): warning C4244: 'function': conversion from 'float' to 'int', possible loss of data
D:\Documents\Programming\ACREngineV3.0\ACREngine\ACREngineV3.0\game.h(264,37): warning C4244: 'function': conversion from 'float' to 'int', possible loss of data
D:\Documents\Programming\ACREngineV3.0\ACREngine\ACREngineV3.0\game.h(264,81): warning C4244: 'function': conversion from 'float' to 'int', possible loss of data
D:\Documents\Programming\ACREngineV3.0\ACREngine\ACREngineV3.0\game.h(264,132): warning C4244: 'function': conversion from 'float' to 'int', possible loss of data
D:\Documents\Programming\ACREngineV3.0\ACREngine\ACREngineV3.0\game.h(264,175): warning C4244: 'function': conversion from 'float' to 'int', possible loss of data
D:\Documents\Programming\ACREngineV3.0\ACREngine\ACREngineV3.0\game.h(264,219): warning C4244: 'function': conversion from 'float' to 'int', possible loss of data
D:\Documents\Programming\ACREngineV3.0\ACREngine\ACREngineV3.0\game.h(264,281): warning C4244: 'function': conversion from 'float' to 'int', possible loss of data
  screen.c
D:\Documents\Programming\ACREngineV3.0\ACREngine\ACREngineV3.0\screen.c(16,10): warning C4098: 'initalizeScreen': 'void' function returning a value
D:\Documents\Programming\ACREngineV3.0\ACREngine\ACREngineV3.0\screen.c(29,57): warning C4244: 'function': conversion from 'float' to 'int', possible loss of data
D:\Documents\Programming\ACREngineV3.0\ACREngine\ACREngineV3.0\screen.c(29,112): warning C4244: 'function': conversion from 'float' to 'int', possible loss of data
D:\Documents\Programming\ACREngineV3.0\ACREngine\ACREngineV3.0\screen.c(29,167): warning C4244: 'function': conversion from 'float' to 'int', possible loss of data
  Generating Code...
  screen.h
x64\Debug\screen.obj : warning LNK4042: object specified more than once; extras ignored
DorkV4.obj : error LNK2019: unresolved external symbol initalizeScreen referenced in function main
DorkV4.obj : error LNK2019: unresolved external symbol drawScreen referenced in function main
DorkV4.obj : error LNK2019: unresolved external symbol startFade referenced in function menuStateActions
DorkV4.obj : error LNK2019: unresolved external symbol startReverseFade referenced in function menuStateActions
D:\Documents\Programming\ACREngineV3.0\ACREngine\x64\Debug\ACREngineV3.0.exe : fatal error LNK1120: 4 unresolved externals
